2026-07-07 14:14:47  https://govarabadinan.blogspot.com/search?updated-max=2026-06-02T04%3A33%3A00-07%3A00&max-results=7  blocked by robots.txt
2026-07-07 14:14:59  https://govarabadinan.blogspot.com/search?updated-max=2026-02-24T22%3A27%3A00-08%3A00&max-results=7  blocked by robots.txt
2026-07-07 14:14:59  https://govarabadinan.blogspot.com/search?updated-max=2026-05-31T23%3A47%3A00-07%3A00&max-results=7&reverse-paginate=true  blocked by robots.txt
2026-07-07 14:14:59  https://govarabadinan.blogspot.com/search?updated-max=2026-06-02T04%3A48%3A00-07%3A00&max-results=7&reverse-paginate=true  blocked by robots.txt
2026-07-07 14:14:59  https://govarabadinan.blogspot.com/search?updated-max=2026-05-31T23%3A11%3A00-07%3A00&max-results=7  blocked by robots.txt
2026-07-07 14:14:59  https://govarabadinan.blogspot.com/search?updated-max=2025-10-11T22%3A43%3A00-07%3A00&max-results=7&reverse-paginate=true  blocked by robots.txt
2026-07-07 14:14:59  https://govarabadinan.blogspot.com/search?updated-max=2025-12-03T22%3A22%3A00-08%3A00&max-results=7  blocked by robots.txt
2026-07-07 14:14:59  https://govarabadinan.blogspot.com/search?updated-max=2026-02-25T00%3A07%3A00-08%3A00&max-results=7&reverse-paginate=true  blocked by robots.txt
2026-07-07 14:14:59  https://govarabadinan.blogspot.com/search?updated-max=2026-02-25T01%3A32%3A00-08%3A00&max-results=7  blocked by robots.txt
2026-07-07 14:14:59  https://govarabadinan.blogspot.com/search?updated-max=2026-06-01T00%3A02%3A00-07%3A00&max-results=7  blocked by robots.txt
2026-07-07 14:14:59  https://govarabadinan.blogspot.com/search?updated-max=2026-03-03T22%3A21%3A00-08%3A00&max-results=7  blocked by robots.txt
2026-07-07 14:14:59  https://govarabadinan.blogspot.com/search?updated-max=2026-06-01T00%3A13%3A00-07%3A00&max-results=7&reverse-paginate=true  blocked by robots.txt
2026-07-07 14:14:59  https://govarabadinan.blogspot.com/search?updated-max=2025-10-01T02%3A21%3A00-07%3A00&max-results=7  blocked by robots.txt
2026-07-07 14:14:59  https://govarabadinan.blogspot.com/search?updated-max=2025-11-20T11%3A23%3A00-08%3A00&max-results=7&reverse-paginate=true  blocked by robots.txt
2026-07-07 14:14:59  https://govarabadinan.blogspot.com/search?updated-max=2025-11-20T10%3A21%3A00-08%3A00&max-results=7  blocked by robots.txt
2026-07-07 14:14:59  https://govarabadinan.blogspot.com/search?updated-max=2026-02-24T23%3A50%3A00-08%3A00&max-results=7&reverse-paginate=true  blocked by robots.txt
2026-07-07 14:14:59  https://govarabadinan.blogspot.com/p/زمان  و جیهانگیری  HTTP 404
2026-07-07 14:14:59  https://govarabadinan.blogspot.com/p/پێكڤەھاتنا دو ڤاولان د زمانێ كوردی دا  HTTP 404
2026-07-07 14:14:59  https://govarabadinan.blogspot.com/search?updated-max=2025-10-11T23%3A34%3A00-07%3A00&max-results=7  blocked by robots.txt
2026-07-07 14:14:59  https://govarabadinan.blogspot.com/p/نيشانێن خواندنێ د زمانێ كوردى دا  HTTP 404
2026-07-07 14:15:00  https://govarabadinan.blogspot.com/p/هونه‌رێ لێكچواندنێ د هۆزانێن زاڕۆكان دا هۆزانێن كۆڤان خانكى وه‌ك نموونه‌  HTTP 404
